MO and_using_nand NULL ../../../Documents/programs_XIlink/Gates/and_using_nand.v vlg08/and__using__nand.bin 1715679389
MO OR_gate NULL ../../../Documents/programs_XIlink/Gates/OR_gate.v vlg1D/_o_r__gate.bin 1715678085
MO or_using_Nand NULL ../../../Documents/programs_XIlink/Gates/or_using_Nand.v vlg5A/or__using___nand.bin 1715680321
